[2025-12-25T02:48:43.971+0000] {taskinstance.py:1956} INFO - Dependencies all met for dep_context=non-requeueable deps ti=<TaskInstance: user_activity_pipeline.extract_raw_events scheduled__2025-12-24T00:00:00+00:00 [queued]>
[2025-12-25T02:48:43.979+0000] {taskinstance.py:1956} INFO - Dependencies all met for dep_context=requeueable deps ti=<TaskInstance: user_activity_pipeline.extract_raw_events scheduled__2025-12-24T00:00:00+00:00 [queued]>
[2025-12-25T02:48:43.979+0000] {taskinstance.py:2170} INFO - Starting attempt 3 of 3
[2025-12-25T02:48:43.998+0000] {taskinstance.py:2191} INFO - Executing <Task(PythonOperator): extract_raw_events> on 2025-12-24 00:00:00+00:00
[2025-12-25T02:48:44.002+0000] {standard_task_runner.py:60} INFO - Started process 1320 to run task
[2025-12-25T02:48:44.006+0000] {standard_task_runner.py:87} INFO - Running: ['airflow', 'tasks', 'run', 'user_activity_pipeline', 'extract_raw_events', 'scheduled__2025-12-24T00:00:00+00:00', '--job-id', '19', '--raw', '--subdir', 'DAGS_FOLDER/user_activity_pipeline.py', '--cfg-path', '/tmp/tmpvkp__s8i']
[2025-12-25T02:48:44.008+0000] {standard_task_runner.py:88} INFO - Job 19: Subtask extract_raw_events
[2025-12-25T02:48:44.036+0000] {task_command.py:423} INFO - Running <TaskInstance: user_activity_pipeline.extract_raw_events scheduled__2025-12-24T00:00:00+00:00 [running]> on host 71784f2a3374
[2025-12-25T02:48:44.175+0000] {taskinstance.py:2480} INFO - Exporting env vars: AIRFLOW_CTX_DAG_OWNER='airflow' AIRFLOW_CTX_DAG_ID='user_activity_pipeline' AIRFLOW_CTX_TASK_ID='extract_raw_events' AIRFLOW_CTX_EXECUTION_DATE='2025-12-24T00:00:00+00:00' AIRFLOW_CTX_TRY_NUMBER='3' AIRFLOW_CTX_DAG_RUN_ID='scheduled__2025-12-24T00:00:00+00:00'
[2025-12-25T02:48:44.175+0000] {logging_mixin.py:188} INFO - [BRONZE] No raw data for 2025-12-24, fetching from API
[2025-12-25T02:48:44.176+0000] {logging_mixin.py:188} INFO - [EXTRACT] Fetching data (attempt 1/3)
[2025-12-25T02:48:44.182+0000] {logging_mixin.py:188} INFO - [ERROR] Fetch failed: HTTPSConnectionPool(host='dummyjson.com', port=443): Max retries exceeded with url: /c/f975-aded-4b95-aeea (Caused by NewConnectionError('<urllib3.connection.HTTPSConnection object at 0xffff708949d0>: Failed to establish a new connection: [Errno -2] Name or service not known'))
[2025-12-25T02:48:46.184+0000] {logging_mixin.py:188} INFO - [EXTRACT] Fetching data (attempt 2/3)
[2025-12-25T02:48:46.188+0000] {logging_mixin.py:188} INFO - [ERROR] Fetch failed: HTTPSConnectionPool(host='dummyjson.com', port=443): Max retries exceeded with url: /c/f975-aded-4b95-aeea (Caused by NewConnectionError('<urllib3.connection.HTTPSConnection object at 0xffff70894e50>: Failed to establish a new connection: [Errno -2] Name or service not known'))
[2025-12-25T02:48:48.193+0000] {logging_mixin.py:188} INFO - [EXTRACT] Fetching data (attempt 3/3)
[2025-12-25T02:48:48.203+0000] {logging_mixin.py:188} INFO - [ERROR] Fetch failed: HTTPSConnectionPool(host='dummyjson.com', port=443): Max retries exceeded with url: /c/f975-aded-4b95-aeea (Caused by NewConnectionError('<urllib3.connection.HTTPSConnection object at 0xffff70894b20>: Failed to establish a new connection: [Errno -2] Name or service not known'))
[2025-12-25T02:48:48.204+0000] {taskinstance.py:2698} ERROR - Task failed with exception
Traceback (most recent call last):
  File "/opt/airflow/project/extraction/extract.py", line 16, in extract_raw_events
    events = load_raw_events(execution_date)
  File "/opt/airflow/project/extraction/raw_reader.py", line 13, in load_raw_events
    with open(path) as f:
FileNotFoundError: [Errno 2] No such file or directory: '/opt/airflow/project/data/raw/events/date=2025-12-24/events.json'

During handling of the above exception, another exception occurred:

Traceback (most recent call last):
  File "/home/airflow/.local/lib/python3.9/site-packages/urllib3/connection.py", line 174, in _new_conn
    conn = connection.create_connection(
  File "/home/airflow/.local/lib/python3.9/site-packages/urllib3/util/connection.py", line 72, in create_connection
    for res in socket.getaddrinfo(host, port, family, socket.SOCK_STREAM):
  File "/usr/local/lib/python3.9/socket.py", line 954, in getaddrinfo
    for res in _socket.getaddrinfo(host, port, family, type, proto, flags):
socket.gaierror: [Errno -2] Name or service not known

During handling of the above exception, another exception occurred:

Traceback (most recent call last):
  File "/home/airflow/.local/lib/python3.9/site-packages/urllib3/connectionpool.py", line 715, in urlopen
    httplib_response = self._make_request(
  File "/home/airflow/.local/lib/python3.9/site-packages/urllib3/connectionpool.py", line 404, in _make_request
    self._validate_conn(conn)
  File "/home/airflow/.local/lib/python3.9/site-packages/urllib3/connectionpool.py", line 1058, in _validate_conn
    conn.connect()
  File "/home/airflow/.local/lib/python3.9/site-packages/urllib3/connection.py", line 363, in connect
    self.sock = conn = self._new_conn()
  File "/home/airflow/.local/lib/python3.9/site-packages/urllib3/connection.py", line 186, in _new_conn
    raise NewConnectionError(
urllib3.exceptions.NewConnectionError: <urllib3.connection.HTTPSConnection object at 0xffff70894b20>: Failed to establish a new connection: [Errno -2] Name or service not known

During handling of the above exception, another exception occurred:

Traceback (most recent call last):
  File "/home/airflow/.local/lib/python3.9/site-packages/requests/adapters.py", line 486, in send
    resp = conn.urlopen(
  File "/home/airflow/.local/lib/python3.9/site-packages/urllib3/connectionpool.py", line 799, in urlopen
    retries = retries.increment(
  File "/home/airflow/.local/lib/python3.9/site-packages/urllib3/util/retry.py", line 592, in increment
    raise MaxRetryError(_pool, url, error or ResponseError(cause))
urllib3.exceptions.MaxRetryError: HTTPSConnectionPool(host='dummyjson.com', port=443): Max retries exceeded with url: /c/f975-aded-4b95-aeea (Caused by NewConnectionError('<urllib3.connection.HTTPSConnection object at 0xffff70894b20>: Failed to establish a new connection: [Errno -2] Name or service not known'))

During handling of the above exception, another exception occurred:

Traceback (most recent call last):
  File "/opt/airflow/project/extraction/api_extractor.py", line 27, in fetch_user_events
    response = requests.get(url, timeout=timeout_seconds)
  File "/home/airflow/.local/lib/python3.9/site-packages/requests/api.py", line 73, in get
    return request("get", url, params=params, **kwargs)
  File "/home/airflow/.local/lib/python3.9/site-packages/requests/api.py", line 59, in request
    return session.request(method=method, url=url, **kwargs)
  File "/home/airflow/.local/lib/python3.9/site-packages/requests/sessions.py", line 589, in request
    resp = self.send(prep, **send_kwargs)
  File "/home/airflow/.local/lib/python3.9/site-packages/requests/sessions.py", line 703, in send
    r = adapter.send(request, **kwargs)
  File "/home/airflow/.local/lib/python3.9/site-packages/requests/adapters.py", line 519, in send
    raise ConnectionError(e, request=request)
requests.exceptions.ConnectionError: HTTPSConnectionPool(host='dummyjson.com', port=443): Max retries exceeded with url: /c/f975-aded-4b95-aeea (Caused by NewConnectionError('<urllib3.connection.HTTPSConnection object at 0xffff70894b20>: Failed to establish a new connection: [Errno -2] Name or service not known'))

The above exception was the direct cause of the following exception:

Traceback (most recent call last):
  File "/home/airflow/.local/lib/python3.9/site-packages/airflow/models/taskinstance.py", line 433, in _execute_task
    result = execute_callable(context=context, **execute_callable_kwargs)
  File "/home/airflow/.local/lib/python3.9/site-packages/airflow/operators/python.py", line 199, in execute
    return_value = self.execute_callable()
  File "/home/airflow/.local/lib/python3.9/site-packages/airflow/operators/python.py", line 216, in execute_callable
    return self.python_callable(*self.op_args, **self.op_kwargs)
  File "/opt/airflow/dags/user_activity_pipeline.py", line 14, in extract_task
    extract(execution_date)
  File "/opt/airflow/project/etl.py", line 15, in extract
    extract_raw_events(execution_date)
  File "/opt/airflow/project/extraction/extract.py", line 21, in extract_raw_events
    events = fetch_user_events(API_URL)
  File "/opt/airflow/project/extraction/api_extractor.py", line 42, in fetch_user_events
    raise RemoteDataUnavailable(
project.extraction.api_extractor.RemoteDataUnavailable: Remote API unavailable after retries
[2025-12-25T02:48:48.214+0000] {taskinstance.py:1138} INFO - Marking task as FAILED. dag_id=user_activity_pipeline, task_id=extract_raw_events, execution_date=20251224T000000, start_date=20251225T024843, end_date=20251225T024848
[2025-12-25T02:48:48.222+0000] {standard_task_runner.py:107} ERROR - Failed to execute job 19 for task extract_raw_events (Remote API unavailable after retries; 1320)
[2025-12-25T02:48:48.246+0000] {local_task_job_runner.py:234} INFO - Task exited with return code 1
[2025-12-25T02:48:48.258+0000] {taskinstance.py:3280} INFO - 0 downstream tasks scheduled from follow-on schedule check
